<html>
<body>
<pre>
<h1>礦ision Build Log</h1>
<h2>Tool Versions:</h2>
IDE-Version: μVision V5.35.0.0
Copyright (C) 2021 ARM Ltd and ARM Germany GmbH. All rights reserved.
License Information: 12 12, 12, LIC=65ISZ-JHK9Y-VEUHA-1VXNV-WMZ3E-VS9HL
 
Tool Versions:
Toolchain:       MDK-ARM Plus  Version: 5.35.0.2
Toolchain Path:  C:\Keil_v5\ARM\ARMCC\Bin
C Compiler:      Armcc.exe V5.06 update 7 (build 960)
Assembler:       Armasm.exe V5.06 update 7 (build 960)
Linker/Locator:  ArmLink.exe V5.06 update 7 (build 960)
Library Manager: ArmAr.exe V5.06 update 7 (build 960)
Hex Converter:   FromElf.exe V5.06 update 7 (build 960)
CPU DLL:         SARMCM3.DLL V5.35.0.2
Dialog DLL:      DCM.DLL V1.17.3.0
Target DLL:      UL2CM3.DLL V1.164.0.0
Dialog DLL:      TCM.DLL V1.53.0.0
 
<h2>Project:</h2>
D:\plm\bt\Realtek\project\JH5003\Dongle\software\PH5003_Dongle-98928\board\evb\dongle\gaming_dongle_rtl87x3e.uvprojx
Project File Date:  08/26/2025

<h2>Output:</h2>
*** Using Compiler 'V5.06 update 7 (build 960)', folder: 'C:\Keil_v5\ARM\ARMCC\Bin'
Rebuild target 'dongle_bank0_bb2_ccut_legacy_gaming'
Before Build - User command #2: cmd.exe /c before_build_script.bat 4M "0" rtl87x3e dongle gaming_dongle
系统找不到指定的路径。
"copy gaming dongle flash map"
已复制         1 个文件。
已复制         1 个文件。
已复制         1 个文件。
已复制         1 个文件。
已复制         1 个文件。
已复制         1 个文件。
已复制         1 个文件。
已复制         1 个文件。
已复制         1 个文件。
已复制         1 个文件。
assembling startup_rtl87x3e.s...
compiling cli_mp_main.c...
compiling cli_cfg_cmd.c...
compiling cli_cfg_main.c...
compiling common_stream.c...
compiling app_util.c...
compiling spp_stream.c...
compiling iap_stream.c...
compiling led_module.c...
compiling ble_stream.c...
compiling system_rtl87x3.c...
compiling cli_power_cmd.c...
compiling console_uart.c...
compiling app_cli_main.c...
compiling single_tone.c...
compiling app_cfg.c...
compiling app_dsp_cfg.c...
compiling app_io_output.c...
compiling app_key_gpio.c...
compiling app_link_util.c...
compiling app_cyclic_buffer.c...
compiling app_main.c...
compiling app_status_report.c...
compiling app_mmi.c...
compiling app_console_msg.c...
compiling app_io_msg.c...
compiling app_led_ctl.c...
compiling app_auto_power_off.c...
compiling app_device.c...
compiling app_key_process.c...
compiling app_dlps.c...
compiling app_console.c...
compiling rtk_charger.c...
compiling audio_test.c...
compiling app_line_in.c...
compiling app_spp_audio.c...
compiling app_ctrl_pkt_policy.c...
compiling app_dongle_vol.c...
compiling app_audio_pipe_mgr.c...
compiling app_charger.c...
compiling app_upstream_decode.c...
compiling app_gaming_sync.c...
compiling app_sensor_i2c.c...
compiling app_dongle_transmit_client.c...
compiling app_downstream_encode.c...
compiling app_ipc.c...
compiling app_usb_vol_control.c...
compiling app_a2dp.c...
compiling app_avrcp.c...
compiling app_bond.c...
compiling app_gap.c...
compiling app_sdp.c...
compiling app_spp.c...
compiling app_src_gaming.c...
compiling app_usb_hid_wrapper.c...
compiling legacy_audio_wrapper.c...
compiling usb_dev.c...
compiling app_usb_passthrough.c...
compiling app_usb_hid.c...
compiling usb_hid.c...
compiling usb_audio1.c...
compiling app_usb.c...
compiling usb_audio1_sec.c...
compiling usb_audio2.c...
compiling app_usb_audio_wrapper.c...
compiling app_gaming_ctrl_cfg.c...
compiling uac_silence_detect.c...
compiling usb_audio_stream.c...
compiling app_usb_controller.c...
compiling usb_host_detect.c...
compiling app_usb_uac.c...
compiling cli_console_cmd.c...
compiling app_hid_rtk_ctrl.c...
compiling app_adapter_service.c...
compiling app_src_policy.c...
compiling app_cfu.c...
compiling dfu_common.c...
compiling app_cfu_passthrough.c...
compiling le_service_mgr.c...
compiling le_audio_lib_msg.c...
compiling le_audio_service.c...
compiling le_media_player.c...
compiling le_bst_src_service.c...
compiling le_bsk_service.c...
compiling le_ba_service.c...
compiling le_pacs_service.c...
compiling app_usb_layer.c...
compiling le_csis_client_service.c...
compiling le_vc_service.c...
compiling teams_call_control.c...
compiling le_unicast_sink_service.c...
compiling le_bass_service.c...
compiling le_audio_data.c...
compiling le_csis_srv_service.c...
compiling le_media_controller.c...
compiling le_vcs_service.c...
compiling le_mic_service.c...
compiling dongle_transmit_gatt_client.c...
compiling le_unicast_gaming.c...
compiling app_le_ext_ftl.c...
compiling le_broadcast_mgr.c...
compiling le_unicast_src_service.c...
compiling le_audio_wrapper.c...
compiling app_spp_vender_passthrough.c...
compiling app_usb_call_control.c...
compiling app_src_a2dp.c...
compiling app_src_audio.c...
compiling app_src_storage_target_dev.c...
compiling app_hfp_ag.c...
compiling app_sdp_a2dp_src.c...
compiling app_vendor_cfg.c...
compiling app_le_audio.c...
compiling app_src_ll.c...
compiling app_ctrl_cfg.c...
compiling app_spp_cmd.c...
compiling general_audio_wrapper.c...
compiling app_general_policy.c...
linking...
Program Size: Code=706360 RO-data=283752 RW-data=2984 ZI-data=6548  
After Build - User command #2: cmd.exe /c dual_bank_after_build.bat "C:\Keil_v5\ARM\ARMCC\include\..\bin\fromelf.exe"   "D:\plm\bt\Realtek\project\JH5003\Dongle\software\PH5003_Dongle-98928\board\evb\dongle\objects\dongle.axf"  dongle  bank0 rtl87x3e gaming_dongle
D:\plm\bt\Realtek\project\JH5003\Dongle\software\PH5003_Dongle-98928\board\evb\dongle>echo off 
已复制         1 个文件。
已复制         1 个文件。
"..\..\..\tool\Gadgets\prepend_header.exe"   /app_code "bin\rtl87x3e\bank0\dongle_bank0.bin"
skip updating uuid
<===image ctrl header crc16: 0x2201
image header size is 0x400 !
update image header length as 0xb4e00 ok!
"..\..\..\tool\Gadgets\prepend_header.exe"  /rsa "..\..\..\tool\Gadgets\default_rsa_key.pem" /app_code "bin\rtl87x3e\bank0\dongle_bank0.bin"
<===image ctrl header crc16: 0x4963
  PKCS#1 data sign  : passed
RSA sign image OK.
mp file is D:\plm\bt\Realtek\project\JH5003\Dongle\software\PH5003_Dongle-98928\board\evb\dongle\mp.ini!
"..\..\..\tool\Gadgets\prepend_header.exe"  /mp_ini mp.ini /app_code "bin\rtl87x3e\bank0\dongle_bank0.bin"
MP header appending start...
Bin_ID : ID_APP
  OtaVersion not exists in mp.ini [OtaInfo] node, set [OtaInfo] OtaVersion=2
MP header appending OK!
bin\rtl87x3e\bank0\dongle_bank0_MP.bin
%#define%VERSION_MAJOR%3%#define%VERSION_MINOR%13%#define%VERSION_REVISION%4%#define%VERSION_BUILDNUM%231%#define%VERSION_GCID%0x55777c89
bin\rtl87x3e\bank0\dongle_bank0_MP-v3.13.4.231-55777c89-75781f5299d0205e74eddf258cb57d9e.bin
已复制         1 个文件。
已复制         1 个文件。
debug file directory: bin\rtl87x3e\bank0
### Extract function table pickle:
		dongle_bank0_function_table.pickle
### Extract variable table pickle:
		dongle_bank0_variable_table.pickle
移动了         1 个文件。
系统找不到文件 ..\..\..\bin\rtl87x3e\flash_map_config\4M\flash_4M\flash_map.h。
srec_cat: number expected for --offset before -Output
Output Image for Keil Download: "Objects\app_image.hex"
Build Bank: bank0
Download Address: 
".\objects\dongle.axf" - 0 Error(s), 0 Warning(s).

<h2>Software Packages used:</h2>

Package Vendor: ARM
                http://www.keil.com/pack/ARM.CMSIS.5.8.0.pack
                ARM.CMSIS.5.8.0
                CMSIS (Common Microcontroller Software Interface Standard)

<h2>Collection of Component include folders:</h2>
  C:\Users\Administrator\AppData\Local\Arm\Packs\ARM\CMSIS\5.8.0\Device\ARM\ARMCM3\Include

<h2>Collection of Component Files used:</h2>
Build Time Elapsed:  00:00:10
</pre>
</body>
</html>
